ets Jul 29 2019 12:21:46

rst:0x1 (POWERON_RESET),boot:0x12 (SPI_FAST_FLASH_BOOT)
configsip: 0, SPIWP:0xee
clk_drv:0x00,q_drv:0x00,d_drv:0x00,cs0_drv:0x00,hd_drv:0x00,wp_drv:0x00
mode:DIO, clock div:2
load:0x3fff0030,len:7172
load:0x40078000,len:15540
load:0x40080400,len:4
ho 8 tail 4 room 4
load:0x40080404,len:3904
entry 0x40080638
[0;32mI (1269) boot: ESP-IDF 5.2.1 2nd stage bootloader[0m
[0;32mI (1288) boot: compile time Jun  2 2024 02:38:06[0m
[0;32mI (1298) boot: Multicore bootloader[0m
[0;32mI (1465) boot: chip revision: v0.0[0m
[0;32mI (1477) boot.esp32: SPI Speed      : 40MHz[0m
[0;32mI (1486) boot.esp32: SPI Mode       : DIO[0m
[0;32mI (1495) boot.esp32: SPI Flash Size : 4MB[0m
[0;32mI (1564) boot: Enabling RNG early entropy source...[0m
[0;32mI (1637) boot: Partition Table:[0m
[0;32mI (1654) boot: ## Label            Usage          Type ST Offset   Length[0m
[0;32mI (1694) boot:  0 nvs              WiFi data        01 02 00009000 00006000[0m
[0;32mI (1724) boot:  1 phy_init         RF data          01 01 0000f000 00001000[0m
[0;32mI (1742) boot:  2 factory          factory app      00 00 00010000 00100000[0m
[0;32mI (1821) boot: End of partition table[0m
[0;32mI (1933) esp_image: segment 0: paddr=00010020 vaddr=3f400020 size=09570h ( 38256) map[0m
[0;32mI (2221) esp_image: segment 1: paddr=00019598 vaddr=3ffb0000 size=02214h (  8724) load[0m
[0;32mI (2512) esp_image: segment 2: paddr=0001b7b4 vaddr=40080000 size=04864h ( 18532) load[0m
[0;32mI (2812) esp_image: segment 3: paddr=00020020 vaddr=400d0020 size=13884h ( 80004) map[0m
[0;32mI (3144) esp_image: segment 4: paddr=000338ac vaddr=40084864 size=07eb8h ( 32440) load[0m
[0;32mI (3499) boot: Loaded app from partition at offset 0x10000[0m
[0;32mI (3534) boot: Disabling RNG early entropy source...[0m
[0;32mI (3659) cpu_start: Multicore app[0m
[0;32mI (6824) cpu_start: Pro cpu start user code[0m
[0;32mI (6851) cpu_start: cpu freq: 160000000 Hz[0m
[0;32mI (6874) cpu_start: Application information:[0m
[0;32mI (6897) cpu_start: Project name:     validate-py-test[0m
[0;32mI (6935) cpu_start: App version:      1[0m
[0;32mI (6961) cpu_start: Compile time:     Jun  2 2024 02:35:48[0m
[0;32mI (6991) cpu_start: ELF file SHA256:  27f9ce225...[0m
[0;32mI (7005) cpu_start: ESP-IDF:          5.2.1[0m
[0;32mI (7016) cpu_start: Min chip rev:     v0.0[0m
[0;32mI (7027) cpu_start: Max chip rev:     v3.99 [0m
[0;32mI (7042) cpu_start: Chip rev:         v0.0[0m
[0;32mI (7054) heap_init: Initializing. RAM available for dynamic allocation:[0m
[0;32mI (7070) heap_init: At 3FFAE6E0 len 00001920 (6 KiB): DRAM[0m
[0;32mI (7084) heap_init: At 3FFB2B48 len 0002D4B8 (181 KiB): DRAM[0m
[0;32mI (7098) heap_init: At 3FFE0440 len 00003AE0 (14 KiB): D/IRAM[0m
[0;32mI (7116) heap_init: At 3FFE4350 len 0001BCB0 (111 KiB): D/IRAM[0m
[0;32mI (7132) heap_init: At 4008C71C len 000138E4 (78 KiB): IRAM[0m
[0;32mI (7188) spi_flash: detected chip: gd[0m
[0;32mI (7212) spi_flash: flash io: dio[0m
[0;32mI (7265) main_task: Started on CPU0[0m
[0;32mI (7305) main_task: Calling app_main()[0m
test/test_main.c:23:test_esp_restart:FAIL: Expected 0 Was 1

-----------------------
1 Tests 1 Failures 0 Ignored 
FAIL
[0;32mI (9375) main_task: Returned from app_main()[0m
